============================= test session starts ==============================
platform linux -- Python 3.12.12, pytest-9.0.2, pluggy-1.6.0
rootdir: /app
configfile: pyproject.toml
plugins: cov-7.0.0, anyio-4.12.1
collected 923 items

tests/test_a11y.py ......                                                [  0%]
tests/test_agent_jira_flow.py ....                                       [  1%]
tests/test_agent_parity.py ...                                           [  1%]
tests/test_analytics.py ....                                             [  1%]
tests/test_architecture.py ....                                          [  2%]
tests/test_ask.py ...                                                    [  2%]
tests/test_base_agent.py .........                                       [  3%]
tests/test_base_agent_persistence.py ...                                 [  3%]
tests/test_bisect.py .                                                   [  4%]
tests/test_charts.py ....                                                [  4%]
tests/test_cherry_pick.py ...                                            [  4%]
tests/test_cicd.py .......                                               [  5%]
tests/test_cli_agent_launcher.py ........                                [  6%]
tests/test_cli_env.py ..                                                 [  6%]
tests/test_cli_feature.py .....                                          [  7%]
tests/test_cli_launcher.py ......                                        [  7%]
tests/test_cli_mgmt.py ..                                                [  8%]
tests/test_cli_utils.py ..............                                   [  9%]
tests/test_cli_utils_dashboard.py .....                                  [ 10%]
tests/test_code_review.py ..                                             [ 10%]
tests/test_commands.py ...                                               [ 10%]
tests/test_complexity.py .........                                       [ 11%]
tests/test_config_loader.py ..........                                   [ 12%]
tests/test_config_manager.py ......                                      [ 13%]
tests/test_config_validation.py .......                                  [ 14%]
tests/test_configure.py .                                                [ 14%]
tests/test_conflict_resolver.py ...                                      [ 14%]
tests/test_cursor_agent.py .....                                         [ 15%]
tests/test_cursor_client.py ....                                         [ 15%]
tests/test_database.py ...                                               [ 15%]
tests/test_database_manager.py ..........                                [ 16%]
tests/test_db_query.py ...                                               [ 17%]
tests/test_debt.py ...                                                   [ 17%]
tests/test_debug.py ...                                                  [ 17%]
tests/test_dependencies.py ....                                          [ 18%]
tests/test_dependencies_check.py ...                                     [ 18%]
tests/test_dependency_updater.py ........                                [ 19%]
tests/test_dockerizer.py ..............                                  [ 21%]
tests/test_docstring.py ....                                             [ 21%]
tests/test_duplication.py .....                                          [ 21%]
tests/test_env_manager.py ......                                         [ 22%]
tests/test_gemini_agent.py ....                                          [ 23%]
tests/test_gemini_client.py ....                                         [ 23%]
tests/test_git_auth.py ...                                               [ 23%]
tests/test_git_wrapper.py .........                                      [ 24%]
tests/test_health_report.py ...                                          [ 25%]
tests/test_history_graph.py ....                                         [ 25%]
tests/test_hooks.py .........                                            [ 26%]
tests/test_impact.py ....                                                [ 26%]
tests/test_impact_parallel.py ..                                         [ 27%]
tests/test_iteration_metrics.py .                                        [ 27%]
tests/test_jira_integration.py ......           WARNING  Failed to push metrics to gateway: <urlopen telemetry.py:398
                    error [Errno 111] Connection refused>
.                                   [ 28%]
tests/test_jira_integration_cli.py ...                                   [ 28%]
tests/test_jira_mode_integration.py ..                                   [ 28%]
tests/test_knowledge.py ....                                             [ 29%]
tests/test_knowledge_graph.py ...                                        [ 29%]
tests/test_license.py .....                                              [ 29%]
tests/test_link_checker.py ....                                          [ 30%]
tests/test_log_handler.py ..                                             [ 30%]
tests/test_main.py ...........                                           [ 31%]
tests/test_main_analytics.py ..                                          [ 31%]
tests/test_main_analytics_complexity.py ..                               [ 32%]
tests/test_main_archive.py ..                                            [ 32%]
tests/test_main_artifacts.py ..........                                  [ 33%]
tests/test_main_benchmark.py ...........                                 [ 34%]
tests/test_main_blame.py .....                                           [ 35%]
tests/test_main_branch.py .....                                          [ 35%]
tests/test_main_clean.py .......                                         [ 36%]
tests/test_main_commit.py ..                                             [ 36%]
tests/test_main_commit_command.py .....                                  [ 37%]
tests/test_main_completion.py ..                                         [ 37%]
tests/test_main_config_command.py ........                               [ 38%]
tests/test_main_context.py ..                                            [ 38%]
tests/test_main_cost.py ...                                              [ 38%]
tests/test_main_dashboard.py .                                           [ 39%]
tests/test_main_deps.py ...                                              [ 39%]
tests/test_main_diff.py ....                                             [ 39%]
tests/test_main_diff_summary.py ...                                      [ 40%]
tests/test_main_discard.py .........                                     [ 41%]
tests/test_main_docstring.py ...                                         [ 41%]
tests/test_main_doctor.py ..........                                     [ 42%]
tests/test_main_duplication.py ...                                       [ 42%]
tests/test_main_empty_trash.py .....                                     [ 43%]
tests/test_main_feature.py .........                                     [ 44%]
tests/test_main_format.py .....                                          [ 44%]
tests/test_main_git.py ......                                            [ 45%]
tests/test_main_glance.py ....                                           [ 45%]
tests/test_main_help.py .                                                [ 46%]
tests/test_main_history.py ...                                           [ 46%]
tests/test_main_hooks.py ....                                            [ 46%]
tests/test_main_init.py ......                                           [ 47%]
tests/test_main_interact.py .....                                        [ 47%]
tests/test_main_last.py ...                                              [ 48%]
tests/test_main_last_run_id.py ...                                       [ 48%]
tests/test_main_lint.py .........                                        [ 49%]
tests/test_main_log.py ...                                               [ 49%]
tests/test_main_logs.py ........                                         [ 50%]
tests/test_main_models.py ...                                            [ 51%]
tests/test_main_next.py .....                                            [ 51%]
tests/test_main_onboard.py .                                             [ 51%]
tests/test_main_patch.py ....                                            [ 52%]
tests/test_main_plan.py ..                                               [ 52%]
tests/test_main_pr.py ....                                               [ 52%]
tests/test_main_profile_command.py ..........                            [ 53%]
tests/test_main_pull.py .....                                            [ 54%]
tests/test_main_push.py ......                                           [ 55%]
tests/test_main_refactor.py ...                                          [ 55%]
tests/test_main_release.py ....                                          [ 55%]
tests/test_main_replace.py ...                                           [ 56%]
tests/test_main_restore.py ...                                           [ 56%]
tests/test_main_revert.py .........                                      [ 57%]
tests/test_main_review.py .....                                          [ 58%]
tests/test_main_rewind.py .....                                          [ 58%]
tests/test_main_rollback.py ...                                          [ 58%]
tests/test_main_search.py ...                                            [ 59%]
tests/test_main_security.py ...                                          [ 59%]
tests/test_main_setup.py .......                                         [ 60%]
tests/test_main_snapshot.py .......                                      [ 61%]
tests/test_main_sprint.py ....                                           [ 61%]
tests/test_main_stash.py ....                                            [ 61%]
tests/test_main_stash_pop.py ....                                        [ 62%]
tests/test_main_status.py ....                                           [ 62%]
tests/test_main_summary.py .......                                       [ 63%]
tests/test_main_test.py .......                                          [ 64%]
tests/test_main_todos.py ....                                            [ 64%]
tests/test_main_trash.py ...............                                 [ 66%]
tests/test_main_tree.py ......                                           [ 67%]
tests/test_main_undo.py .                                                [ 67%]
tests/test_main_watch.py ...                                             [ 67%]
tests/test_main_workflow.py .............                                [ 68%]
tests/test_main_worktrees.py ..........                                  [ 69%]
tests/test_main_worktrees_create.py .....                                [ 70%]
tests/test_main_worktrees_diff.py ....                                   [ 70%]
tests/test_main_worktrees_manage.py .....                                [ 71%]
tests/test_main_worktrees_merge.py ..                                    [ 71%]
tests/test_map.py ....                                                   [ 72%]
tests/test_metrics.py ....                                               [ 72%]
tests/test_mock_data.py .....                                            [ 73%]
tests/test_mutate.py ...                                                 [ 73%]
tests/test_mutate_integration.py .                                       [ 73%]
tests/test_notifications.py ......                                       [ 74%]
tests/test_onboarding.py ..                                              [ 74%]
tests/test_openapi.py .....                                              [ 74%]
tests/test_optimize.py .....                                             [ 75%]
tests/test_playground.py .......                                         [ 76%]
tests/test_pre_flight.py ....                                            [ 76%]
tests/test_presentation.py ..                                            [ 76%]
tests/test_prompt_loading.py .                                           [ 77%]
tests/test_prune.py ....                                                 [ 77%]
tests/test_recipes.py ......                                             [ 78%]
tests/test_refactor.py ....                                              [ 78%]
tests/test_release.py .....                                              [ 79%]
tests/test_replace.py .......                                            [ 79%]
tests/test_resolve.py ...                                                [ 80%]
tests/test_risk.py ..                                                    [ 80%]
tests/test_scaffold.py .......                                           [ 81%]
tests/test_search.py ......                                              [ 81%]
tests/test_secrets.py .......                                            [ 82%]
tests/test_security.py .....                                             [ 83%]
tests/test_session_manager.py ....                                       [ 83%]
tests/test_shared_modules.py ............                                [ 84%]
tests/test_shell.py ...........                                          [ 86%]
tests/test_site_generator.py ....                                        [ 86%]
tests/test_smart_search.py .....                                         [ 86%]
tests/test_sprint_extended.py ...                                        [ 87%]
tests/test_sprint_guardrail.py ....                                      [ 87%]
tests/test_sprint_init.py ..                                             [ 87%]
tests/test_sprint_parallel.py .                                          [ 88%]
tests/test_summarize.py .....                                            [ 88%]
tests/test_task_manager.py ....                                          [ 89%]
tests/test_telemetry.py ...                                              [ 89%]
tests/test_telemetry_extended.py .........                               [ 90%]
tests/test_test_generator.py ..                                          [ 90%]
tests/test_todos.py ...                                                  [ 90%]
tests/test_tui.py .........                                              [ 91%]
tests/test_tui_analytics.py .                                            [ 91%]
tests/test_tui_dependencies.py ...                                       [ 92%]
tests/test_tui_profile.py ...                                            [ 92%]
tests/test_tui_tasks.py ....                                             [ 93%]
tests/test_unused.py .....                                               [ 93%]
tests/test_utils.py ....                                                 [ 94%]
tests/test_utils_agent_id.py ....                                        [ 94%]
tests/test_utils_extended.py .................                           [ 96%]
tests/test_utils_security.py ....                                        [ 96%]
tests/test_verify.py .....                                               [ 97%]
tests/test_visualization.py .....                                        [ 97%]
tests/test_work_session_manager.py .......                               [ 98%]
tests/test_workflow.py ........                                          [ 99%]
tests/test_worktree_manager.py .....                                     [100%]

=============================== warnings summary ===============================
shared/test_generator.py:14
  /app/shared/test_generator.py:14: PytestCollectionWarning: cannot collect test class 'TestGenerator' because it has a __init__ constructor (from: shared/test_generator.py)
    class TestGenerator:

shared/test_generator.py:14
  /app/shared/test_generator.py:14: PytestCollectionWarning: cannot collect test class 'TestGenerator' because it has a __init__ constructor (from: tests/test_test_generator.py)
    class TestGenerator:

tests/test_cursor_client.py::TestCursorClient::test_run_command_timeout
  /app/agents/shared/base_client.py:182: RuntimeWarning: coroutine 'AsyncMockMixin._execute_mock_call' was never awaited
  Coroutine created at (most recent call last)
    File "/home/jules/.pyenv/versions/3.12.12/lib/python3.12/asyncio/base_events.py", line 678, in run_until_complete
      self.run_forever()
    File "/home/jules/.pyenv/versions/3.12.12/lib/python3.12/asyncio/base_events.py", line 645, in run_forever
      self._run_once()
    File "/home/jules/.pyenv/versions/3.12.12/lib/python3.12/asyncio/base_events.py", line 1991, in _run_once
      handle._run()
    File "/home/jules/.pyenv/versions/3.12.12/lib/python3.12/asyncio/events.py", line 88, in _run
      self._context.run(self._callback, *self._args)
    File "/home/jules/.pyenv/versions/3.12.12/lib/python3.12/unittest/mock.py", line 1413, in patched
      return await func(*newargs, **newkeywargs)
    File "/app/tests/test_cursor_client.py", line 79, in test_run_command_timeout
      await client.run_command("prompt", MagicMock())
    File "/app/agents/cursor/client.py", line 115, in run_command
      stdout, stderr, returncode = await self._run_subprocess(
    File "/app/agents/shared/base_client.py", line 182, in _run_subprocess
      process.kill()
    File "/home/jules/.pyenv/versions/3.12.12/lib/python3.12/unittest/mock.py", line 1139, in __call__
      return self._mock_call(*args, **kwargs)
    File "/home/jules/.pyenv/versions/3.12.12/lib/python3.12/unittest/mock.py", line 1143, in _mock_call
      return self._execute_mock_call(*args, **kwargs)
    process.kill()
  Enable tracemalloc to get traceback where the object was allocated.
  See https://docs.pytest.org/en/stable/how-to/capture-warnings.html#resource-warnings for more info.

tests/test_database.py: 3 warnings
tests/test_knowledge.py: 5 warnings
tests/test_knowledge_graph.py: 9 warnings
  /home/jules/.pyenv/versions/3.12.12/lib/python3.12/site-packages/sqlalchemy/sql/schema.py:3624: DeprecationWarning: datetime.datetime.utcnow() is deprecated and scheduled for removal in a future version. Use timezone-aware objects to represent datetimes in UTC: datetime.datetime.now(datetime.UTC).
    return util.wrap_callable(lambda ctx: fn(), fn)  # type: ignore

tests/test_gemini_client.py::TestGeminiClient::test_run_command_failure
  /app/agents/shared/base_client.py:92: RuntimeWarning: coroutine 'AsyncMockMixin._execute_mock_call' was never awaited
  Coroutine created at (most recent call last)
    File "/home/jules/.pyenv/versions/3.12.12/lib/python3.12/asyncio/base_events.py", line 678, in run_until_complete
      self.run_forever()
    File "/home/jules/.pyenv/versions/3.12.12/lib/python3.12/asyncio/base_events.py", line 645, in run_forever
      self._run_once()
    File "/home/jules/.pyenv/versions/3.12.12/lib/python3.12/asyncio/base_events.py", line 1991, in _run_once
      handle._run()
    File "/home/jules/.pyenv/versions/3.12.12/lib/python3.12/asyncio/events.py", line 88, in _run
      self._context.run(self._callback, *self._args)
    File "/home/jules/.pyenv/versions/3.12.12/lib/python3.12/unittest/mock.py", line 1413, in patched
      return await func(*newargs, **newkeywargs)
    File "/app/tests/test_gemini_client.py", line 119, in test_run_command_failure
      res = await client.run_command("prompt", MagicMock())
    File "/app/agents/gemini/client.py", line 64, in run_command
      stdout, stderr, _returncode = await self._run_subprocess(
    File "/app/agents/shared/base_client.py", line 92, in _run_subprocess
      process.stdin.write(input_str.encode())
    File "/home/jules/.pyenv/versions/3.12.12/lib/python3.12/unittest/mock.py", line 1139, in __call__
      return self._mock_call(*args, **kwargs)
    File "/home/jules/.pyenv/versions/3.12.12/lib/python3.12/unittest/mock.py", line 1143, in _mock_call
      return self._execute_mock_call(*args, **kwargs)
    process.stdin.write(input_str.encode())
  Enable tracemalloc to get traceback where the object was allocated.
  See https://docs.pytest.org/en/stable/how-to/capture-warnings.html#resource-warnings for more info.

tests/test_gemini_client.py::TestGeminiClient::test_run_command_failure
  /app/agents/shared/base_client.py:94: RuntimeWarning: coroutine 'AsyncMockMixin._execute_mock_call' was never awaited
  Coroutine created at (most recent call last)
    File "/home/jules/.pyenv/versions/3.12.12/lib/python3.12/asyncio/base_events.py", line 678, in run_until_complete
      self.run_forever()
    File "/home/jules/.pyenv/versions/3.12.12/lib/python3.12/asyncio/base_events.py", line 645, in run_forever
      self._run_once()
    File "/home/jules/.pyenv/versions/3.12.12/lib/python3.12/asyncio/base_events.py", line 1991, in _run_once
      handle._run()
    File "/home/jules/.pyenv/versions/3.12.12/lib/python3.12/asyncio/events.py", line 88, in _run
      self._context.run(self._callback, *self._args)
    File "/home/jules/.pyenv/versions/3.12.12/lib/python3.12/unittest/mock.py", line 1413, in patched
      return await func(*newargs, **newkeywargs)
    File "/app/tests/test_gemini_client.py", line 119, in test_run_command_failure
      res = await client.run_command("prompt", MagicMock())
    File "/app/agents/gemini/client.py", line 64, in run_command
      stdout, stderr, _returncode = await self._run_subprocess(
    File "/app/agents/shared/base_client.py", line 94, in _run_subprocess
      process.stdin.close()
    File "/home/jules/.pyenv/versions/3.12.12/lib/python3.12/unittest/mock.py", line 1139, in __call__
      return self._mock_call(*args, **kwargs)
    File "/home/jules/.pyenv/versions/3.12.12/lib/python3.12/unittest/mock.py", line 1143, in _mock_call
      return self._execute_mock_call(*args, **kwargs)
    process.stdin.close()
  Enable tracemalloc to get traceback where the object was allocated.
  See https://docs.pytest.org/en/stable/how-to/capture-warnings.html#resource-warnings for more info.

tests/test_gemini_client.py::TestGeminiClient::test_run_command_timeout
  /app/agents/shared/base_client.py:92: RuntimeWarning: coroutine 'AsyncMockMixin._execute_mock_call' was never awaited
  Coroutine created at (most recent call last)
    File "/home/jules/.pyenv/versions/3.12.12/lib/python3.12/asyncio/base_events.py", line 678, in run_until_complete
      self.run_forever()
    File "/home/jules/.pyenv/versions/3.12.12/lib/python3.12/asyncio/base_events.py", line 645, in run_forever
      self._run_once()
    File "/home/jules/.pyenv/versions/3.12.12/lib/python3.12/asyncio/base_events.py", line 1991, in _run_once
      handle._run()
    File "/home/jules/.pyenv/versions/3.12.12/lib/python3.12/asyncio/events.py", line 88, in _run
      self._context.run(self._callback, *self._args)
    File "/home/jules/.pyenv/versions/3.12.12/lib/python3.12/unittest/mock.py", line 1413, in patched
      return await func(*newargs, **newkeywargs)
    File "/app/tests/test_gemini_client.py", line 72, in test_run_command_timeout
      await client.run_command("prompt", MagicMock())
    File "/app/agents/gemini/client.py", line 64, in run_command
      stdout, stderr, _returncode = await self._run_subprocess(
    File "/app/agents/shared/base_client.py", line 92, in _run_subprocess
      process.stdin.write(input_str.encode())
    File "/home/jules/.pyenv/versions/3.12.12/lib/python3.12/unittest/mock.py", line 1139, in __call__
      return self._mock_call(*args, **kwargs)
    File "/home/jules/.pyenv/versions/3.12.12/lib/python3.12/unittest/mock.py", line 1143, in _mock_call
      return self._execute_mock_call(*args, **kwargs)
    process.stdin.write(input_str.encode())
  Enable tracemalloc to get traceback where the object was allocated.
  See https://docs.pytest.org/en/stable/how-to/capture-warnings.html#resource-warnings for more info.

tests/test_gemini_client.py::TestGeminiClient::test_run_command_timeout
  /app/agents/shared/base_client.py:94: RuntimeWarning: coroutine 'AsyncMockMixin._execute_mock_call' was never awaited
  Coroutine created at (most recent call last)
    File "/home/jules/.pyenv/versions/3.12.12/lib/python3.12/asyncio/base_events.py", line 678, in run_until_complete
      self.run_forever()
    File "/home/jules/.pyenv/versions/3.12.12/lib/python3.12/asyncio/base_events.py", line 645, in run_forever
      self._run_once()
    File "/home/jules/.pyenv/versions/3.12.12/lib/python3.12/asyncio/base_events.py", line 1991, in _run_once
      handle._run()
    File "/home/jules/.pyenv/versions/3.12.12/lib/python3.12/asyncio/events.py", line 88, in _run
      self._context.run(self._callback, *self._args)
    File "/home/jules/.pyenv/versions/3.12.12/lib/python3.12/unittest/mock.py", line 1413, in patched
      return await func(*newargs, **newkeywargs)
    File "/app/tests/test_gemini_client.py", line 72, in test_run_command_timeout
      await client.run_command("prompt", MagicMock())
    File "/app/agents/gemini/client.py", line 64, in run_command
      stdout, stderr, _returncode = await self._run_subprocess(
    File "/app/agents/shared/base_client.py", line 94, in _run_subprocess
      process.stdin.close()
    File "/home/jules/.pyenv/versions/3.12.12/lib/python3.12/unittest/mock.py", line 1139, in __call__
      return self._mock_call(*args, **kwargs)
    File "/home/jules/.pyenv/versions/3.12.12/lib/python3.12/unittest/mock.py", line 1143, in _mock_call
      return self._execute_mock_call(*args, **kwargs)
    process.stdin.close()
  Enable tracemalloc to get traceback where the object was allocated.
  See https://docs.pytest.org/en/stable/how-to/capture-warnings.html#resource-warnings for more info.

tests/test_impact_parallel.py::TestImpactAnalyzerParallel::test_build_graph_parallel
tests/test_impact_parallel.py::TestImpactAnalyzerParallel::test_build_graph_parallel
tests/test_impact_parallel.py::TestImpactAnalyzerParallel::test_build_graph_parallel
tests/test_impact_parallel.py::TestImpactAnalyzerParallel::test_build_graph_parallel
  /home/jules/.pyenv/versions/3.12.12/lib/python3.12/multiprocessing/popen_fork.py:66: DeprecationWarning: This process (pid=7462) is multi-threaded, use of fork() may lead to deadlocks in the child.
    self.pid = os.fork()

tests/test_main_plan.py::TestMainPlan::test_run_plan_success
  /home/jules/.pyenv/versions/3.12.12/lib/python3.12/traceback.py:241: RuntimeWarning: coroutine 'sleep' was never awaited
    tb.tb_frame.clear()
  Enable tracemalloc to get traceback where the object was allocated.
  See https://docs.pytest.org/en/stable/how-to/capture-warnings.html#resource-warnings for more info.

-- Docs: https://docs.pytest.org/en/stable/how-to/capture-warnings.html
================= 923 passed, 29 warnings in 88.94s (0:01:28) ==================
--- Logging error ---
Traceback (most recent call last):
  File "/home/jules/.pyenv/versions/3.12.12/lib/python3.12/urllib/request.py", line 1344, in do_open
    h.request(req.get_method(), req.selector, req.data, headers,
  File "/home/jules/.pyenv/versions/3.12.12/lib/python3.12/http/client.py", line 1338, in request
    self._send_request(method, url, body, headers, encode_chunked)
  File "/home/jules/.pyenv/versions/3.12.12/lib/python3.12/http/client.py", line 1384, in _send_request
    self.endheaders(body, encode_chunked=encode_chunked)
  File "/home/jules/.pyenv/versions/3.12.12/lib/python3.12/http/client.py", line 1333, in endheaders
    self._send_output(message_body, encode_chunked=encode_chunked)
  File "/home/jules/.pyenv/versions/3.12.12/lib/python3.12/http/client.py", line 1093, in _send_output
    self.send(msg)
  File "/home/jules/.pyenv/versions/3.12.12/lib/python3.12/http/client.py", line 1037, in send
    self.connect()
  File "/home/jules/.pyenv/versions/3.12.12/lib/python3.12/http/client.py", line 1003, in connect
    self.sock = self._create_connection(
                ^^^^^^^^^^^^^^^^^^^^^^^^
  File "/home/jules/.pyenv/versions/3.12.12/lib/python3.12/socket.py", line 865, in create_connection
    raise exceptions[0]
  File "/home/jules/.pyenv/versions/3.12.12/lib/python3.12/socket.py", line 850, in create_connection
    sock.connect(sa)
ConnectionRefusedError: [Errno 111] Connection refused

During handling of the above exception, another exception occurred:

Traceback (most recent call last):
  File "/app/shared/telemetry.py", line 387, in _push_metrics_sync
    push_to_gateway(
  File "/home/jules/.pyenv/versions/3.12.12/lib/python3.12/site-packages/prometheus_client/exposition.py", line 651, in push_to_gateway
    _use_gateway('PUT', gateway, job, registry, grouping_key, timeout, handler, compression)
  File "/home/jules/.pyenv/versions/3.12.12/lib/python3.12/site-packages/prometheus_client/exposition.py", line 754, in _use_gateway
    handler(
  File "/home/jules/.pyenv/versions/3.12.12/lib/python3.12/site-packages/prometheus_client/exposition.py", line 500, in handle
    resp = build_opener(base_handler).open(request, timeout=timeout)
           ^^^^^^^^^^^^^^^^^^^^^^^^^^^^^^^^^^^^^^^^^^^^^^^^^^^^^^^^^
  File "/home/jules/.pyenv/versions/3.12.12/lib/python3.12/urllib/request.py", line 515, in open
    response = self._open(req, data)
               ^^^^^^^^^^^^^^^^^^^^^
  File "/home/jules/.pyenv/versions/3.12.12/lib/python3.12/urllib/request.py", line 532, in _open
    result = self._call_chain(self.handle_open, protocol, protocol +
             ^^^^^^^^^^^^^^^^^^^^^^^^^^^^^^^^^^^^^^^^^^^^^^^^^^^^^^^
  File "/home/jules/.pyenv/versions/3.12.12/lib/python3.12/urllib/request.py", line 492, in _call_chain
    result = func(*args)
             ^^^^^^^^^^^
  File "/home/jules/.pyenv/versions/3.12.12/lib/python3.12/urllib/request.py", line 1373, in http_open
    return self.do_open(http.client.HTTPConnection, req)
           ^^^^^^^^^^^^^^^^^^^^^^^^^^^^^^^^^^^^^^^^^^^^^
  File "/home/jules/.pyenv/versions/3.12.12/lib/python3.12/urllib/request.py", line 1347, in do_open
    raise URLError(err)
urllib.error.URLError: <urlopen error [Errno 111] Connection refused>

During handling of the above exception, another exception occurred:

Traceback (most recent call last):
  File "/home/jules/.pyenv/versions/3.12.12/lib/python3.12/logging/__init__.py", line 1163, in emit
    stream.write(msg + self.terminator)
ValueError: I/O operation on closed file.
Call stack:
  File "/app/shared/telemetry.py", line 97, in _shutdown
    self._push_metrics(force=True, sync=True)
  File "/app/shared/telemetry.py", line 415, in _push_metrics
    self._push_metrics_sync()
  File "/app/shared/telemetry.py", line 398, in _push_metrics_sync
    self.logger.warning(f"Failed to push metrics to gateway: {e}")
Message: 'Failed to push metrics to gateway: <urlopen error [Errno 111] Connection refused>'
Arguments: ()
--- Logging error ---
Traceback (most recent call last):
  File "/home/jules/.pyenv/versions/3.12.12/lib/python3.12/urllib/request.py", line 1344, in do_open
    h.request(req.get_method(), req.selector, req.data, headers,
  File "/home/jules/.pyenv/versions/3.12.12/lib/python3.12/http/client.py", line 1338, in request
    self._send_request(method, url, body, headers, encode_chunked)
  File "/home/jules/.pyenv/versions/3.12.12/lib/python3.12/http/client.py", line 1384, in _send_request
    self.endheaders(body, encode_chunked=encode_chunked)
  File "/home/jules/.pyenv/versions/3.12.12/lib/python3.12/http/client.py", line 1333, in endheaders
    self._send_output(message_body, encode_chunked=encode_chunked)
  File "/home/jules/.pyenv/versions/3.12.12/lib/python3.12/http/client.py", line 1093, in _send_output
    self.send(msg)
  File "/home/jules/.pyenv/versions/3.12.12/lib/python3.12/http/client.py", line 1037, in send
    self.connect()
  File "/home/jules/.pyenv/versions/3.12.12/lib/python3.12/http/client.py", line 1003, in connect
    self.sock = self._create_connection(
                ^^^^^^^^^^^^^^^^^^^^^^^^
  File "/home/jules/.pyenv/versions/3.12.12/lib/python3.12/socket.py", line 865, in create_connection
    raise exceptions[0]
  File "/home/jules/.pyenv/versions/3.12.12/lib/python3.12/socket.py", line 850, in create_connection
    sock.connect(sa)
ConnectionRefusedError: [Errno 111] Connection refused

During handling of the above exception, another exception occurred:

Traceback (most recent call last):
  File "/app/shared/telemetry.py", line 387, in _push_metrics_sync
    push_to_gateway(
  File "/home/jules/.pyenv/versions/3.12.12/lib/python3.12/site-packages/prometheus_client/exposition.py", line 651, in push_to_gateway
    _use_gateway('PUT', gateway, job, registry, grouping_key, timeout, handler, compression)
  File "/home/jules/.pyenv/versions/3.12.12/lib/python3.12/site-packages/prometheus_client/exposition.py", line 754, in _use_gateway
    handler(
  File "/home/jules/.pyenv/versions/3.12.12/lib/python3.12/site-packages/prometheus_client/exposition.py", line 500, in handle
    resp = build_opener(base_handler).open(request, timeout=timeout)
           ^^^^^^^^^^^^^^^^^^^^^^^^^^^^^^^^^^^^^^^^^^^^^^^^^^^^^^^^^
  File "/home/jules/.pyenv/versions/3.12.12/lib/python3.12/urllib/request.py", line 515, in open
    response = self._open(req, data)
               ^^^^^^^^^^^^^^^^^^^^^
  File "/home/jules/.pyenv/versions/3.12.12/lib/python3.12/urllib/request.py", line 532, in _open
    result = self._call_chain(self.handle_open, protocol, protocol +
             ^^^^^^^^^^^^^^^^^^^^^^^^^^^^^^^^^^^^^^^^^^^^^^^^^^^^^^^
  File "/home/jules/.pyenv/versions/3.12.12/lib/python3.12/urllib/request.py", line 492, in _call_chain
    result = func(*args)
             ^^^^^^^^^^^
  File "/home/jules/.pyenv/versions/3.12.12/lib/python3.12/urllib/request.py", line 1373, in http_open
    return self.do_open(http.client.HTTPConnection, req)
           ^^^^^^^^^^^^^^^^^^^^^^^^^^^^^^^^^^^^^^^^^^^^^
  File "/home/jules/.pyenv/versions/3.12.12/lib/python3.12/urllib/request.py", line 1347, in do_open
    raise URLError(err)
urllib.error.URLError: <urlopen error [Errno 111] Connection refused>

During handling of the above exception, another exception occurred:

Traceback (most recent call last):
  File "/home/jules/.pyenv/versions/3.12.12/lib/python3.12/logging/__init__.py", line 1163, in emit
    stream.write(msg + self.terminator)
ValueError: I/O operation on closed file.
Call stack:
  File "/app/shared/telemetry.py", line 97, in _shutdown
    self._push_metrics(force=True, sync=True)
  File "/app/shared/telemetry.py", line 415, in _push_metrics
    self._push_metrics_sync()
  File "/app/shared/telemetry.py", line 398, in _push_metrics_sync
    self.logger.warning(f"Failed to push metrics to gateway: {e}")
Message: 'Failed to push metrics to gateway: <urlopen error [Errno 111] Connection refused>'
Arguments: ()
--- Logging error ---
Traceback (most recent call last):
  File "/home/jules/.pyenv/versions/3.12.12/lib/python3.12/urllib/request.py", line 1344, in do_open
    h.request(req.get_method(), req.selector, req.data, headers,
  File "/home/jules/.pyenv/versions/3.12.12/lib/python3.12/http/client.py", line 1338, in request
    self._send_request(method, url, body, headers, encode_chunked)
  File "/home/jules/.pyenv/versions/3.12.12/lib/python3.12/http/client.py", line 1384, in _send_request
    self.endheaders(body, encode_chunked=encode_chunked)
  File "/home/jules/.pyenv/versions/3.12.12/lib/python3.12/http/client.py", line 1333, in endheaders
    self._send_output(message_body, encode_chunked=encode_chunked)
  File "/home/jules/.pyenv/versions/3.12.12/lib/python3.12/http/client.py", line 1093, in _send_output
    self.send(msg)
  File "/home/jules/.pyenv/versions/3.12.12/lib/python3.12/http/client.py", line 1037, in send
    self.connect()
  File "/home/jules/.pyenv/versions/3.12.12/lib/python3.12/http/client.py", line 1003, in connect
    self.sock = self._create_connection(
                ^^^^^^^^^^^^^^^^^^^^^^^^
  File "/home/jules/.pyenv/versions/3.12.12/lib/python3.12/socket.py", line 865, in create_connection
    raise exceptions[0]
  File "/home/jules/.pyenv/versions/3.12.12/lib/python3.12/socket.py", line 850, in create_connection
    sock.connect(sa)
ConnectionRefusedError: [Errno 111] Connection refused

During handling of the above exception, another exception occurred:

Traceback (most recent call last):
  File "/app/shared/telemetry.py", line 387, in _push_metrics_sync
    push_to_gateway(
  File "/home/jules/.pyenv/versions/3.12.12/lib/python3.12/site-packages/prometheus_client/exposition.py", line 651, in push_to_gateway
    _use_gateway('PUT', gateway, job, registry, grouping_key, timeout, handler, compression)
  File "/home/jules/.pyenv/versions/3.12.12/lib/python3.12/site-packages/prometheus_client/exposition.py", line 754, in _use_gateway
    handler(
  File "/home/jules/.pyenv/versions/3.12.12/lib/python3.12/site-packages/prometheus_client/exposition.py", line 500, in handle
    resp = build_opener(base_handler).open(request, timeout=timeout)
           ^^^^^^^^^^^^^^^^^^^^^^^^^^^^^^^^^^^^^^^^^^^^^^^^^^^^^^^^^
  File "/home/jules/.pyenv/versions/3.12.12/lib/python3.12/urllib/request.py", line 515, in open
    response = self._open(req, data)
               ^^^^^^^^^^^^^^^^^^^^^
  File "/home/jules/.pyenv/versions/3.12.12/lib/python3.12/urllib/request.py", line 532, in _open
    result = self._call_chain(self.handle_open, protocol, protocol +
             ^^^^^^^^^^^^^^^^^^^^^^^^^^^^^^^^^^^^^^^^^^^^^^^^^^^^^^^
  File "/home/jules/.pyenv/versions/3.12.12/lib/python3.12/urllib/request.py", line 492, in _call_chain
    result = func(*args)
             ^^^^^^^^^^^
  File "/home/jules/.pyenv/versions/3.12.12/lib/python3.12/urllib/request.py", line 1373, in http_open
    return self.do_open(http.client.HTTPConnection, req)
           ^^^^^^^^^^^^^^^^^^^^^^^^^^^^^^^^^^^^^^^^^^^^^
  File "/home/jules/.pyenv/versions/3.12.12/lib/python3.12/urllib/request.py", line 1347, in do_open
    raise URLError(err)
urllib.error.URLError: <urlopen error [Errno 111] Connection refused>

During handling of the above exception, another exception occurred:

Traceback (most recent call last):
  File "/home/jules/.pyenv/versions/3.12.12/lib/python3.12/logging/__init__.py", line 1163, in emit
    stream.write(msg + self.terminator)
ValueError: I/O operation on closed file.
Call stack:
  File "/app/shared/telemetry.py", line 97, in _shutdown
    self._push_metrics(force=True, sync=True)
  File "/app/shared/telemetry.py", line 415, in _push_metrics
    self._push_metrics_sync()
  File "/app/shared/telemetry.py", line 398, in _push_metrics_sync
    self.logger.warning(f"Failed to push metrics to gateway: {e}")
Message: 'Failed to push metrics to gateway: <urlopen error [Errno 111] Connection refused>'
Arguments: ()
--- Logging error ---
Traceback (most recent call last):
  File "/home/jules/.pyenv/versions/3.12.12/lib/python3.12/urllib/request.py", line 1344, in do_open
    h.request(req.get_method(), req.selector, req.data, headers,
  File "/home/jules/.pyenv/versions/3.12.12/lib/python3.12/http/client.py", line 1338, in request
    self._send_request(method, url, body, headers, encode_chunked)
  File "/home/jules/.pyenv/versions/3.12.12/lib/python3.12/http/client.py", line 1384, in _send_request
    self.endheaders(body, encode_chunked=encode_chunked)
  File "/home/jules/.pyenv/versions/3.12.12/lib/python3.12/http/client.py", line 1333, in endheaders
    self._send_output(message_body, encode_chunked=encode_chunked)
  File "/home/jules/.pyenv/versions/3.12.12/lib/python3.12/http/client.py", line 1093, in _send_output
    self.send(msg)
  File "/home/jules/.pyenv/versions/3.12.12/lib/python3.12/http/client.py", line 1037, in send
    self.connect()
  File "/home/jules/.pyenv/versions/3.12.12/lib/python3.12/http/client.py", line 1003, in connect
    self.sock = self._create_connection(
                ^^^^^^^^^^^^^^^^^^^^^^^^
  File "/home/jules/.pyenv/versions/3.12.12/lib/python3.12/socket.py", line 865, in create_connection
    raise exceptions[0]
  File "/home/jules/.pyenv/versions/3.12.12/lib/python3.12/socket.py", line 850, in create_connection
    sock.connect(sa)
ConnectionRefusedError: [Errno 111] Connection refused

During handling of the above exception, another exception occurred:

Traceback (most recent call last):
  File "/app/shared/telemetry.py", line 387, in _push_metrics_sync
    push_to_gateway(
  File "/home/jules/.pyenv/versions/3.12.12/lib/python3.12/site-packages/prometheus_client/exposition.py", line 651, in push_to_gateway
    _use_gateway('PUT', gateway, job, registry, grouping_key, timeout, handler, compression)
  File "/home/jules/.pyenv/versions/3.12.12/lib/python3.12/site-packages/prometheus_client/exposition.py", line 754, in _use_gateway
    handler(
  File "/home/jules/.pyenv/versions/3.12.12/lib/python3.12/site-packages/prometheus_client/exposition.py", line 500, in handle
    resp = build_opener(base_handler).open(request, timeout=timeout)
           ^^^^^^^^^^^^^^^^^^^^^^^^^^^^^^^^^^^^^^^^^^^^^^^^^^^^^^^^^
  File "/home/jules/.pyenv/versions/3.12.12/lib/python3.12/urllib/request.py", line 515, in open
    response = self._open(req, data)
               ^^^^^^^^^^^^^^^^^^^^^
  File "/home/jules/.pyenv/versions/3.12.12/lib/python3.12/urllib/request.py", line 532, in _open
    result = self._call_chain(self.handle_open, protocol, protocol +
             ^^^^^^^^^^^^^^^^^^^^^^^^^^^^^^^^^^^^^^^^^^^^^^^^^^^^^^^
  File "/home/jules/.pyenv/versions/3.12.12/lib/python3.12/urllib/request.py", line 492, in _call_chain
    result = func(*args)
             ^^^^^^^^^^^
  File "/home/jules/.pyenv/versions/3.12.12/lib/python3.12/urllib/request.py", line 1373, in http_open
    return self.do_open(http.client.HTTPConnection, req)
           ^^^^^^^^^^^^^^^^^^^^^^^^^^^^^^^^^^^^^^^^^^^^^
  File "/home/jules/.pyenv/versions/3.12.12/lib/python3.12/urllib/request.py", line 1347, in do_open
    raise URLError(err)
urllib.error.URLError: <urlopen error [Errno 111] Connection refused>

During handling of the above exception, another exception occurred:

Traceback (most recent call last):
  File "/home/jules/.pyenv/versions/3.12.12/lib/python3.12/logging/__init__.py", line 1163, in emit
    stream.write(msg + self.terminator)
ValueError: I/O operation on closed file.
Call stack:
  File "/app/shared/telemetry.py", line 97, in _shutdown
    self._push_metrics(force=True, sync=True)
  File "/app/shared/telemetry.py", line 415, in _push_metrics
    self._push_metrics_sync()
  File "/app/shared/telemetry.py", line 398, in _push_metrics_sync
    self.logger.warning(f"Failed to push metrics to gateway: {e}")
Message: 'Failed to push metrics to gateway: <urlopen error [Errno 111] Connection refused>'
Arguments: ()
--- Logging error ---
Traceback (most recent call last):
  File "/home/jules/.pyenv/versions/3.12.12/lib/python3.12/urllib/request.py", line 1344, in do_open
    h.request(req.get_method(), req.selector, req.data, headers,
  File "/home/jules/.pyenv/versions/3.12.12/lib/python3.12/http/client.py", line 1338, in request
    self._send_request(method, url, body, headers, encode_chunked)
  File "/home/jules/.pyenv/versions/3.12.12/lib/python3.12/http/client.py", line 1384, in _send_request
    self.endheaders(body, encode_chunked=encode_chunked)
  File "/home/jules/.pyenv/versions/3.12.12/lib/python3.12/http/client.py", line 1333, in endheaders
    self._send_output(message_body, encode_chunked=encode_chunked)
  File "/home/jules/.pyenv/versions/3.12.12/lib/python3.12/http/client.py", line 1093, in _send_output
    self.send(msg)
  File "/home/jules/.pyenv/versions/3.12.12/lib/python3.12/http/client.py", line 1037, in send
    self.connect()
  File "/home/jules/.pyenv/versions/3.12.12/lib/python3.12/http/client.py", line 1003, in connect
    self.sock = self._create_connection(
                ^^^^^^^^^^^^^^^^^^^^^^^^
  File "/home/jules/.pyenv/versions/3.12.12/lib/python3.12/socket.py", line 865, in create_connection
    raise exceptions[0]
  File "/home/jules/.pyenv/versions/3.12.12/lib/python3.12/socket.py", line 850, in create_connection
    sock.connect(sa)
ConnectionRefusedError: [Errno 111] Connection refused

During handling of the above exception, another exception occurred:

Traceback (most recent call last):
  File "/app/shared/telemetry.py", line 387, in _push_metrics_sync
    push_to_gateway(
  File "/home/jules/.pyenv/versions/3.12.12/lib/python3.12/site-packages/prometheus_client/exposition.py", line 651, in push_to_gateway
    _use_gateway('PUT', gateway, job, registry, grouping_key, timeout, handler, compression)
  File "/home/jules/.pyenv/versions/3.12.12/lib/python3.12/site-packages/prometheus_client/exposition.py", line 754, in _use_gateway
    handler(
  File "/home/jules/.pyenv/versions/3.12.12/lib/python3.12/site-packages/prometheus_client/exposition.py", line 500, in handle
    resp = build_opener(base_handler).open(request, timeout=timeout)
           ^^^^^^^^^^^^^^^^^^^^^^^^^^^^^^^^^^^^^^^^^^^^^^^^^^^^^^^^^
  File "/home/jules/.pyenv/versions/3.12.12/lib/python3.12/urllib/request.py", line 515, in open
    response = self._open(req, data)
               ^^^^^^^^^^^^^^^^^^^^^
  File "/home/jules/.pyenv/versions/3.12.12/lib/python3.12/urllib/request.py", line 532, in _open
    result = self._call_chain(self.handle_open, protocol, protocol +
             ^^^^^^^^^^^^^^^^^^^^^^^^^^^^^^^^^^^^^^^^^^^^^^^^^^^^^^^
  File "/home/jules/.pyenv/versions/3.12.12/lib/python3.12/urllib/request.py", line 492, in _call_chain
    result = func(*args)
             ^^^^^^^^^^^
  File "/home/jules/.pyenv/versions/3.12.12/lib/python3.12/urllib/request.py", line 1373, in http_open
    return self.do_open(http.client.HTTPConnection, req)
           ^^^^^^^^^^^^^^^^^^^^^^^^^^^^^^^^^^^^^^^^^^^^^
  File "/home/jules/.pyenv/versions/3.12.12/lib/python3.12/urllib/request.py", line 1347, in do_open
    raise URLError(err)
urllib.error.URLError: <urlopen error [Errno 111] Connection refused>

During handling of the above exception, another exception occurred:

Traceback (most recent call last):
  File "/home/jules/.pyenv/versions/3.12.12/lib/python3.12/logging/__init__.py", line 1163, in emit
    stream.write(msg + self.terminator)
ValueError: I/O operation on closed file.
Call stack:
  File "/app/shared/telemetry.py", line 97, in _shutdown
    self._push_metrics(force=True, sync=True)
  File "/app/shared/telemetry.py", line 415, in _push_metrics
    self._push_metrics_sync()
  File "/app/shared/telemetry.py", line 398, in _push_metrics_sync
    self.logger.warning(f"Failed to push metrics to gateway: {e}")
Message: 'Failed to push metrics to gateway: <urlopen error [Errno 111] Connection refused>'
Arguments: ()
--- Logging error ---
Traceback (most recent call last):
  File "/home/jules/.pyenv/versions/3.12.12/lib/python3.12/urllib/request.py", line 1344, in do_open
    h.request(req.get_method(), req.selector, req.data, headers,
  File "/home/jules/.pyenv/versions/3.12.12/lib/python3.12/http/client.py", line 1338, in request
    self._send_request(method, url, body, headers, encode_chunked)
  File "/home/jules/.pyenv/versions/3.12.12/lib/python3.12/http/client.py", line 1384, in _send_request
    self.endheaders(body, encode_chunked=encode_chunked)
  File "/home/jules/.pyenv/versions/3.12.12/lib/python3.12/http/client.py", line 1333, in endheaders
    self._send_output(message_body, encode_chunked=encode_chunked)
  File "/home/jules/.pyenv/versions/3.12.12/lib/python3.12/http/client.py", line 1093, in _send_output
    self.send(msg)
  File "/home/jules/.pyenv/versions/3.12.12/lib/python3.12/http/client.py", line 1037, in send
    self.connect()
  File "/home/jules/.pyenv/versions/3.12.12/lib/python3.12/http/client.py", line 1003, in connect
    self.sock = self._create_connection(
                ^^^^^^^^^^^^^^^^^^^^^^^^
  File "/home/jules/.pyenv/versions/3.12.12/lib/python3.12/socket.py", line 865, in create_connection
    raise exceptions[0]
  File "/home/jules/.pyenv/versions/3.12.12/lib/python3.12/socket.py", line 850, in create_connection
    sock.connect(sa)
ConnectionRefusedError: [Errno 111] Connection refused

During handling of the above exception, another exception occurred:

Traceback (most recent call last):
  File "/app/shared/telemetry.py", line 387, in _push_metrics_sync
    push_to_gateway(
  File "/home/jules/.pyenv/versions/3.12.12/lib/python3.12/site-packages/prometheus_client/exposition.py", line 651, in push_to_gateway
    _use_gateway('PUT', gateway, job, registry, grouping_key, timeout, handler, compression)
  File "/home/jules/.pyenv/versions/3.12.12/lib/python3.12/site-packages/prometheus_client/exposition.py", line 754, in _use_gateway
    handler(
  File "/home/jules/.pyenv/versions/3.12.12/lib/python3.12/site-packages/prometheus_client/exposition.py", line 500, in handle
    resp = build_opener(base_handler).open(request, timeout=timeout)
           ^^^^^^^^^^^^^^^^^^^^^^^^^^^^^^^^^^^^^^^^^^^^^^^^^^^^^^^^^
  File "/home/jules/.pyenv/versions/3.12.12/lib/python3.12/urllib/request.py", line 515, in open
    response = self._open(req, data)
               ^^^^^^^^^^^^^^^^^^^^^
  File "/home/jules/.pyenv/versions/3.12.12/lib/python3.12/urllib/request.py", line 532, in _open
    result = self._call_chain(self.handle_open, protocol, protocol +
             ^^^^^^^^^^^^^^^^^^^^^^^^^^^^^^^^^^^^^^^^^^^^^^^^^^^^^^^
  File "/home/jules/.pyenv/versions/3.12.12/lib/python3.12/urllib/request.py", line 492, in _call_chain
    result = func(*args)
             ^^^^^^^^^^^
  File "/home/jules/.pyenv/versions/3.12.12/lib/python3.12/urllib/request.py", line 1373, in http_open
    return self.do_open(http.client.HTTPConnection, req)
           ^^^^^^^^^^^^^^^^^^^^^^^^^^^^^^^^^^^^^^^^^^^^^
  File "/home/jules/.pyenv/versions/3.12.12/lib/python3.12/urllib/request.py", line 1347, in do_open
    raise URLError(err)
urllib.error.URLError: <urlopen error [Errno 111] Connection refused>

During handling of the above exception, another exception occurred:

Traceback (most recent call last):
  File "/home/jules/.pyenv/versions/3.12.12/lib/python3.12/logging/__init__.py", line 1163, in emit
    stream.write(msg + self.terminator)
ValueError: I/O operation on closed file.
Call stack:
  File "/app/shared/telemetry.py", line 97, in _shutdown
    self._push_metrics(force=True, sync=True)
  File "/app/shared/telemetry.py", line 415, in _push_metrics
    self._push_metrics_sync()
  File "/app/shared/telemetry.py", line 398, in _push_metrics_sync
    self.logger.warning(f"Failed to push metrics to gateway: {e}")
Message: 'Failed to push metrics to gateway: <urlopen error [Errno 111] Connection refused>'
Arguments: ()
--- Logging error ---
Traceback (most recent call last):
  File "/home/jules/.pyenv/versions/3.12.12/lib/python3.12/urllib/request.py", line 1344, in do_open
    h.request(req.get_method(), req.selector, req.data, headers,
  File "/home/jules/.pyenv/versions/3.12.12/lib/python3.12/http/client.py", line 1338, in request
    self._send_request(method, url, body, headers, encode_chunked)
  File "/home/jules/.pyenv/versions/3.12.12/lib/python3.12/http/client.py", line 1384, in _send_request
    self.endheaders(body, encode_chunked=encode_chunked)
  File "/home/jules/.pyenv/versions/3.12.12/lib/python3.12/http/client.py", line 1333, in endheaders
    self._send_output(message_body, encode_chunked=encode_chunked)
  File "/home/jules/.pyenv/versions/3.12.12/lib/python3.12/http/client.py", line 1093, in _send_output
    self.send(msg)
  File "/home/jules/.pyenv/versions/3.12.12/lib/python3.12/http/client.py", line 1037, in send
    self.connect()
  File "/home/jules/.pyenv/versions/3.12.12/lib/python3.12/http/client.py", line 1003, in connect
    self.sock = self._create_connection(
                ^^^^^^^^^^^^^^^^^^^^^^^^
  File "/home/jules/.pyenv/versions/3.12.12/lib/python3.12/socket.py", line 865, in create_connection
    raise exceptions[0]
  File "/home/jules/.pyenv/versions/3.12.12/lib/python3.12/socket.py", line 850, in create_connection
    sock.connect(sa)
ConnectionRefusedError: [Errno 111] Connection refused

During handling of the above exception, another exception occurred:

Traceback (most recent call last):
  File "/app/shared/telemetry.py", line 387, in _push_metrics_sync
    push_to_gateway(
  File "/home/jules/.pyenv/versions/3.12.12/lib/python3.12/site-packages/prometheus_client/exposition.py", line 651, in push_to_gateway
    _use_gateway('PUT', gateway, job, registry, grouping_key, timeout, handler, compression)
  File "/home/jules/.pyenv/versions/3.12.12/lib/python3.12/site-packages/prometheus_client/exposition.py", line 754, in _use_gateway
    handler(
  File "/home/jules/.pyenv/versions/3.12.12/lib/python3.12/site-packages/prometheus_client/exposition.py", line 500, in handle
    resp = build_opener(base_handler).open(request, timeout=timeout)
           ^^^^^^^^^^^^^^^^^^^^^^^^^^^^^^^^^^^^^^^^^^^^^^^^^^^^^^^^^
  File "/home/jules/.pyenv/versions/3.12.12/lib/python3.12/urllib/request.py", line 515, in open
    response = self._open(req, data)
               ^^^^^^^^^^^^^^^^^^^^^
  File "/home/jules/.pyenv/versions/3.12.12/lib/python3.12/urllib/request.py", line 532, in _open
    result = self._call_chain(self.handle_open, protocol, protocol +
             ^^^^^^^^^^^^^^^^^^^^^^^^^^^^^^^^^^^^^^^^^^^^^^^^^^^^^^^
  File "/home/jules/.pyenv/versions/3.12.12/lib/python3.12/urllib/request.py", line 492, in _call_chain
    result = func(*args)
             ^^^^^^^^^^^
  File "/home/jules/.pyenv/versions/3.12.12/lib/python3.12/urllib/request.py", line 1373, in http_open
    return self.do_open(http.client.HTTPConnection, req)
           ^^^^^^^^^^^^^^^^^^^^^^^^^^^^^^^^^^^^^^^^^^^^^
  File "/home/jules/.pyenv/versions/3.12.12/lib/python3.12/urllib/request.py", line 1347, in do_open
    raise URLError(err)
urllib.error.URLError: <urlopen error [Errno 111] Connection refused>

During handling of the above exception, another exception occurred:

Traceback (most recent call last):
  File "/home/jules/.pyenv/versions/3.12.12/lib/python3.12/logging/__init__.py", line 1163, in emit
    stream.write(msg + self.terminator)
ValueError: I/O operation on closed file.
Call stack:
  File "/app/shared/telemetry.py", line 97, in _shutdown
    self._push_metrics(force=True, sync=True)
  File "/app/shared/telemetry.py", line 415, in _push_metrics
    self._push_metrics_sync()
  File "/app/shared/telemetry.py", line 398, in _push_metrics_sync
    self.logger.warning(f"Failed to push metrics to gateway: {e}")
Message: 'Failed to push metrics to gateway: <urlopen error [Errno 111] Connection refused>'
Arguments: ()
--- Logging error ---
Traceback (most recent call last):
  File "/home/jules/.pyenv/versions/3.12.12/lib/python3.12/urllib/request.py", line 1344, in do_open
    h.request(req.get_method(), req.selector, req.data, headers,
  File "/home/jules/.pyenv/versions/3.12.12/lib/python3.12/http/client.py", line 1338, in request
    self._send_request(method, url, body, headers, encode_chunked)
  File "/home/jules/.pyenv/versions/3.12.12/lib/python3.12/http/client.py", line 1384, in _send_request
    self.endheaders(body, encode_chunked=encode_chunked)
  File "/home/jules/.pyenv/versions/3.12.12/lib/python3.12/http/client.py", line 1333, in endheaders
    self._send_output(message_body, encode_chunked=encode_chunked)
  File "/home/jules/.pyenv/versions/3.12.12/lib/python3.12/http/client.py", line 1093, in _send_output
    self.send(msg)
  File "/home/jules/.pyenv/versions/3.12.12/lib/python3.12/http/client.py", line 1037, in send
    self.connect()
  File "/home/jules/.pyenv/versions/3.12.12/lib/python3.12/http/client.py", line 1003, in connect
    self.sock = self._create_connection(
                ^^^^^^^^^^^^^^^^^^^^^^^^
  File "/home/jules/.pyenv/versions/3.12.12/lib/python3.12/socket.py", line 865, in create_connection
    raise exceptions[0]
  File "/home/jules/.pyenv/versions/3.12.12/lib/python3.12/socket.py", line 850, in create_connection
    sock.connect(sa)
ConnectionRefusedError: [Errno 111] Connection refused

During handling of the above exception, another exception occurred:

Traceback (most recent call last):
  File "/app/shared/telemetry.py", line 387, in _push_metrics_sync
    push_to_gateway(
  File "/home/jules/.pyenv/versions/3.12.12/lib/python3.12/site-packages/prometheus_client/exposition.py", line 651, in push_to_gateway
    _use_gateway('PUT', gateway, job, registry, grouping_key, timeout, handler, compression)
  File "/home/jules/.pyenv/versions/3.12.12/lib/python3.12/site-packages/prometheus_client/exposition.py", line 754, in _use_gateway
    handler(
  File "/home/jules/.pyenv/versions/3.12.12/lib/python3.12/site-packages/prometheus_client/exposition.py", line 500, in handle
    resp = build_opener(base_handler).open(request, timeout=timeout)
           ^^^^^^^^^^^^^^^^^^^^^^^^^^^^^^^^^^^^^^^^^^^^^^^^^^^^^^^^^
  File "/home/jules/.pyenv/versions/3.12.12/lib/python3.12/urllib/request.py", line 515, in open
    response = self._open(req, data)
               ^^^^^^^^^^^^^^^^^^^^^
  File "/home/jules/.pyenv/versions/3.12.12/lib/python3.12/urllib/request.py", line 532, in _open
    result = self._call_chain(self.handle_open, protocol, protocol +
             ^^^^^^^^^^^^^^^^^^^^^^^^^^^^^^^^^^^^^^^^^^^^^^^^^^^^^^^
  File "/home/jules/.pyenv/versions/3.12.12/lib/python3.12/urllib/request.py", line 492, in _call_chain
    result = func(*args)
             ^^^^^^^^^^^
  File "/home/jules/.pyenv/versions/3.12.12/lib/python3.12/urllib/request.py", line 1373, in http_open
    return self.do_open(http.client.HTTPConnection, req)
           ^^^^^^^^^^^^^^^^^^^^^^^^^^^^^^^^^^^^^^^^^^^^^
  File "/home/jules/.pyenv/versions/3.12.12/lib/python3.12/urllib/request.py", line 1347, in do_open
    raise URLError(err)
urllib.error.URLError: <urlopen error [Errno 111] Connection refused>

During handling of the above exception, another exception occurred:

Traceback (most recent call last):
  File "/home/jules/.pyenv/versions/3.12.12/lib/python3.12/logging/__init__.py", line 1163, in emit
    stream.write(msg + self.terminator)
ValueError: I/O operation on closed file.
Call stack:
  File "/app/shared/telemetry.py", line 97, in _shutdown
    self._push_metrics(force=True, sync=True)
  File "/app/shared/telemetry.py", line 415, in _push_metrics
    self._push_metrics_sync()
  File "/app/shared/telemetry.py", line 398, in _push_metrics_sync
    self.logger.warning(f"Failed to push metrics to gateway: {e}")
Message: 'Failed to push metrics to gateway: <urlopen error [Errno 111] Connection refused>'
Arguments: ()
--- Logging error ---
Traceback (most recent call last):
  File "/home/jules/.pyenv/versions/3.12.12/lib/python3.12/urllib/request.py", line 1344, in do_open
    h.request(req.get_method(), req.selector, req.data, headers,
  File "/home/jules/.pyenv/versions/3.12.12/lib/python3.12/http/client.py", line 1338, in request
    self._send_request(method, url, body, headers, encode_chunked)
  File "/home/jules/.pyenv/versions/3.12.12/lib/python3.12/http/client.py", line 1384, in _send_request
    self.endheaders(body, encode_chunked=encode_chunked)
  File "/home/jules/.pyenv/versions/3.12.12/lib/python3.12/http/client.py", line 1333, in endheaders
    self._send_output(message_body, encode_chunked=encode_chunked)
  File "/home/jules/.pyenv/versions/3.12.12/lib/python3.12/http/client.py", line 1093, in _send_output
    self.send(msg)
  File "/home/jules/.pyenv/versions/3.12.12/lib/python3.12/http/client.py", line 1037, in send
    self.connect()
  File "/home/jules/.pyenv/versions/3.12.12/lib/python3.12/http/client.py", line 1003, in connect
    self.sock = self._create_connection(
                ^^^^^^^^^^^^^^^^^^^^^^^^
  File "/home/jules/.pyenv/versions/3.12.12/lib/python3.12/socket.py", line 865, in create_connection
    raise exceptions[0]
  File "/home/jules/.pyenv/versions/3.12.12/lib/python3.12/socket.py", line 850, in create_connection
    sock.connect(sa)
ConnectionRefusedError: [Errno 111] Connection refused

During handling of the above exception, another exception occurred:

Traceback (most recent call last):
  File "/app/shared/telemetry.py", line 387, in _push_metrics_sync
    push_to_gateway(
  File "/home/jules/.pyenv/versions/3.12.12/lib/python3.12/site-packages/prometheus_client/exposition.py", line 651, in push_to_gateway
    _use_gateway('PUT', gateway, job, registry, grouping_key, timeout, handler, compression)
  File "/home/jules/.pyenv/versions/3.12.12/lib/python3.12/site-packages/prometheus_client/exposition.py", line 754, in _use_gateway
    handler(
  File "/home/jules/.pyenv/versions/3.12.12/lib/python3.12/site-packages/prometheus_client/exposition.py", line 500, in handle
    resp = build_opener(base_handler).open(request, timeout=timeout)
           ^^^^^^^^^^^^^^^^^^^^^^^^^^^^^^^^^^^^^^^^^^^^^^^^^^^^^^^^^
  File "/home/jules/.pyenv/versions/3.12.12/lib/python3.12/urllib/request.py", line 515, in open
    response = self._open(req, data)
               ^^^^^^^^^^^^^^^^^^^^^
  File "/home/jules/.pyenv/versions/3.12.12/lib/python3.12/urllib/request.py", line 532, in _open
    result = self._call_chain(self.handle_open, protocol, protocol +
             ^^^^^^^^^^^^^^^^^^^^^^^^^^^^^^^^^^^^^^^^^^^^^^^^^^^^^^^
  File "/home/jules/.pyenv/versions/3.12.12/lib/python3.12/urllib/request.py", line 492, in _call_chain
    result = func(*args)
             ^^^^^^^^^^^
  File "/home/jules/.pyenv/versions/3.12.12/lib/python3.12/urllib/request.py", line 1373, in http_open
    return self.do_open(http.client.HTTPConnection, req)
           ^^^^^^^^^^^^^^^^^^^^^^^^^^^^^^^^^^^^^^^^^^^^^
  File "/home/jules/.pyenv/versions/3.12.12/lib/python3.12/urllib/request.py", line 1347, in do_open
    raise URLError(err)
urllib.error.URLError: <urlopen error [Errno 111] Connection refused>

During handling of the above exception, another exception occurred:

Traceback (most recent call last):
  File "/home/jules/.pyenv/versions/3.12.12/lib/python3.12/logging/__init__.py", line 1163, in emit
    stream.write(msg + self.terminator)
ValueError: I/O operation on closed file.
Call stack:
  File "/app/shared/telemetry.py", line 97, in _shutdown
    self._push_metrics(force=True, sync=True)
  File "/app/shared/telemetry.py", line 415, in _push_metrics
    self._push_metrics_sync()
  File "/app/shared/telemetry.py", line 398, in _push_metrics_sync
    self.logger.warning(f"Failed to push metrics to gateway: {e}")
Message: 'Failed to push metrics to gateway: <urlopen error [Errno 111] Connection refused>'
Arguments: ()
